106.207.190.61 - - [12/May/2021:10:44:55 +0300] "GET /broadband/tondo-regular-webfont.439a50a16268d9d40343.woff HTTP/1.1" 200 31872 "https://webuat.airtel.com.ng:8443/broadband/styles.05a04fe06724dd56b70e.css" "Mozilla/5.0 (Windows NT 10.0; WOW64) AppleWebKit/537.36 (KHTML, like Gecko) Chrome/89.0.4389.128 Safari/537.36"
106.207.190.61 - - [12/May/2021:10:44:55 +0300] "GET /broadband/assets/js/jsencrypt.js HTTP/1.1" 200 130689 "https://webuat.airtel.com.ng:8443/broadband/" "Mozilla/5.0 (Windows NT 10.0; WOW64) AppleWebKit/537.36 (KHTML, like Gecko) Chrome/89.0.4389.128 Safari/537.36"
106.207.190.61 - - [12/May/2021:10:44:55 +0300] "GET /broadband/polyfills.98d212fb521c7aea4a49.js HTTP/1.1" 200 152680 "https://webuat.airtel.com.ng:8443/broadband/" "Mozilla/5.0 (Windows NT 10.0; WOW64) AppleWebKit/537.36 (KHTML, like Gecko) Chrome/89.0.4389.128 Safari/537.36"
106.207.190.61 - - [12/May/2021:10:45:00 +0300] "GET /broadband/ HTTP/1.1" 200 1946 "-" "Mozilla/5.0 (Windows NT 10.0; WOW64) AppleWebKit/537.36 (KHTML, like Gecko) Chrome/89.0.4389.128 Safari/537.36"
106.207.190.61 - - [12/May/2021:10:44:54 +0300] "GET /broadband/main.77859fae93107a306a58.js HTTP/1.1" 200 1865642 "https://webuat.airtel.com.ng:8443/broadband/" "Mozilla/5.0 (Windows NT 10.0; WOW64) AppleWebKit/537.36 (KHTML, like Gecko) Chrome/89.0.4389.128 Safari/537.36"
106.207.190.61 - - [12/May/2021:10:45:01 +0300] "GET /broadband/styles.05a04fe06724dd56b70e.css HTTP/1.1" 304 - "https://webuat.airtel.com.ng:8443/broadband/" "Mozilla/5.0 (Windows NT 10.0; WOW64) AppleWebKit/537.36 (KHTML, like Gecko) Chrome/89.0.4389.128 Safari/537.36"
106.207.190.61 - - [12/May/2021:10:45:01 +0300] "GET /broadband/assets/js/gtag.js HTTP/1.1" 304 - "https://webuat.airtel.com.ng:8443/broadband/" "Mozilla/5.0 (Windows NT 10.0; WOW64) AppleWebKit/537.36 (KHTML, like Gecko) Chrome/89.0.4389.128 Safari/537.36"
106.207.190.61 - - [12/May/2021:10:45:01 +0300] "GET /broadband/assets/js/jsencrypt.js HTTP/1.1" 304 - "https://webuat.airtel.com.ng:8443/broadband/" "Mozilla/5.0 (Windows NT 10.0; WOW64) AppleWebKit/537.36 (KHTML, like Gecko) Chrome/89.0.4389.128 Safari/537.36"
106.207.190.61 - - [12/May/2021:10:45:01 +0300] "GET /broadband/runtime.b57bf819d5bdce77f1c7.js HTTP/1.1" 304 - "https://webuat.airtel.com.ng:8443/broadband/" "Mozilla/5.0 (Windows NT 10.0; WOW64) AppleWebKit/537.36 (KHTML, like Gecko) Chrome/89.0.4389.128 Safari/537.36"
106.207.190.61 - - [12/May/2021:10:45:02 +0300] "GET /broadband/scripts.bbe10e1331279f9903a7.js HTTP/1.1" 304 - "https://webuat.airtel.com.ng:8443/broadband/" "Mozilla/5.0 (Windows NT 10.0; WOW64) AppleWebKit/537.36 (KHTML, like Gecko) Chrome/89.0.4389.128 Safari/537.36"
106.207.190.61 - - [12/May/2021:10:45:02 +0300] "GET /broadband/polyfills.98d212fb521c7aea4a49.js HTTP/1.1" 304 - "https://webuat.airtel.com.ng:8443/broadband/" "Mozilla/5.0 (Windows NT 10.0; WOW64) AppleWebKit/537.36 (KHTML, like Gecko) Chrome/89.0.4389.128 Safari/537.36"
103.41.37.241 - - [12/May/2021:10:45:07 +0300] "POST /bfe/hbb/hbbp/api/hbb/transaction/v1/payment-options HTTP/1.1" 200 368 "http://localhost:4300/" "Mozilla/5.0 (Macintosh; Intel Mac OS X 10_15_7) AppleWebKit/537.36 (KHTML, like Gecko) Chrome/90.0.4430.93 Safari/537.36"
106.207.190.61 - - [12/May/2021:10:45:12 +0300] "-" 408 - "-" "-"
106.207.190.61 - - [12/May/2021:10:45:02 +0300] "GET /broadband/main.77859fae93107a306a58.js HTTP/1.1" 200 1865642 "https://webuat.airtel.com.ng:8443/broadband/" "Mozilla/5.0 (Windows NT 10.0; WOW64) AppleWebKit/537.36 (KHTML, like Gecko) Chrome/89.0.4389.128 Safari/537.36"
103.41.37.241 - - [12/May/2021:10:45:35 +0300] "POST /bfe/hbb/hbbp/api/hbb/transaction/v1/payment-options HTTP/1.1" 200 368 "http://localhost:4300/" "Mozilla/5.0 (Macintosh; Intel Mac OS X 10_15_7) AppleWebKit/537.36 (KHTML, like Gecko) Chrome/90.0.4430.93 Safari/537.36"
106.207.190.61 - - [12/May/2021:10:45:40 +0300] "GET /broadband/assets/i18n/en.json HTTP/1.1" 200 10453 "https://webuat.airtel.com.ng:8443/broadband/" "Mozilla/5.0 (Windows NT 10.0; WOW64) AppleWebKit/537.36 (KHTML, like Gecko) Chrome/89.0.4389.128 Safari/537.36"
106.207.190.61 - - [12/May/2021:10:45:40 +0300] "GET /cms/webpage/activePackage?opco=NG&pageUrl=/hbb-faq HTTP/1.1" 200 5121 "https://webuat.airtel.com.ng:8443/broadband/" "Mozilla/5.0 (Windows NT 10.0; WOW64) AppleWebKit/537.36 (KHTML, like Gecko) Chrome/89.0.4389.128 Safari/537.36"
106.207.190.61 - - [12/May/2021:10:45:41 +0300] "GET /broadband/tondo-light-webfont.61d63190fa994ec63959.woff HTTP/1.1" 200 30960 "https://webuat.airtel.com.ng:8443/broadband/styles.05a04fe06724dd56b70e.css" "Mozilla/5.0 (Windows NT 10.0; WOW64) AppleWebKit/537.36 (KHTML, like Gecko) Chrome/89.0.4389.128 Safari/537.36"
106.207.190.61 - - [12/May/2021:10:45:41 +0300] "GET /broadband/assets/images/slider/screen1.jpg HTTP/1.1" 200 9956 "https://webuat.airtel.com.ng:8443/broadband/" "Mozilla/5.0 (Windows NT 10.0; WOW64) AppleWebKit/537.36 (KHTML, like Gecko) Chrome/89.0.4389.128 Safari/537.36"
106.207.190.61 - - [12/May/2021:10:45:42 +0300] "GET /broadband/assets/images/slider/screen2.jpg HTTP/1.1" 200 8338 "https://webuat.airtel.com.ng:8443/broadband/" "Mozilla/5.0 (Windows NT 10.0; WOW64) AppleWebKit/537.36 (KHTML, like Gecko) Chrome/89.0.4389.128 Safari/537.36"
106.207.190.61 - - [12/May/2021:10:45:42 +0300] "GET /broadband/assets/images/Airtel-logo.svg HTTP/1.1" 200 2450 "https://webuat.airtel.com.ng:8443/broadband/" "Mozilla/5.0 (Windows NT 10.0; WOW64) AppleWebKit/537.36 (KHTML, like Gecko) Chrome/89.0.4389.128 Safari/537.36"
106.207.190.61 - - [12/May/2021:10:45:42 +0300] "GET /broadband/assets/images/slider/screen3.jpg HTTP/1.1" 200 7988 "https://webuat.airtel.com.ng:8443/broadband/" "Mozilla/5.0 (Windows NT 10.0; WOW64) AppleWebKit/537.36 (KHTML, like Gecko) Chrome/89.0.4389.128 Safari/537.36"
106.207.190.61 - - [12/May/2021:10:45:42 +0300] "GET /broadband/assets/images/slider/screen4.jpg HTTP/1.1" 200 10829 "https://webuat.airtel.com.ng:8443/broadband/" "Mozilla/5.0 (Windows NT 10.0; WOW64) AppleWebKit/537.36 (KHTML, like Gecko) Chrome/89.0.4389.128 Safari/537.36"
106.207.190.61 - - [12/May/2021:10:45:44 +0300] "GET /broadband/favicon.ico HTTP/1.1" 200 21438 "https://webuat.airtel.com.ng:8443/broadband/" "Mozilla/5.0 (Windows NT 10.0; WOW64) AppleWebKit/537.36 (KHTML, like Gecko) Chrome/89.0.4389.128 Safari/537.36"
106.207.190.61 - - [12/May/2021:10:45:52 +0300] "-" 408 - "-" "-"
106.207.190.61 - - [12/May/2021:10:45:52 +0300] "-" 408 - "-" "-"
::1 - - [12/May/2021:10:45:55 +0300] "OPTIONS * HTTP/1.0" 200 - "-" "Apache/2.4.34 (Red Hat) OpenSSL/1.0.2k-fips mod_auth_kerb/5.4 (internal dummy connection)"
103.41.37.241 - - [12/May/2021:10:48:03 +0300] "POST /bfe/hbb/hbbp/api/hbb/user/v1/login HTTP/1.1" 200 105 "http://localhost:4300/" "Mozilla/5.0 (Macintosh; Intel Mac OS X 10_15_7) AppleWebKit/537.36 (KHTML, like Gecko) Chrome/90.0.4430.93 Safari/537.36"
103.41.37.241 - - [12/May/2021:10:48:08 +0300] "GET /bfe/hbb/hbbp/api/hbb/subscriber/v1/get-consumer-details HTTP/1.1" 200 217 "http://localhost:4300/" "Mozilla/5.0 (Macintosh; Intel Mac OS X 10_15_7) AppleWebKit/537.36 (KHTML, like Gecko) Chrome/90.0.4430.93 Safari/537.36"
103.41.37.241 - - [12/May/2021:10:48:08 +0300] "GET /bfe/hbb/hbbp/api/hbb/subscriber/get-balance-all HTTP/1.1" 200 739 "http://localhost:4300/" "Mozilla/5.0 (Macintosh; Intel Mac OS X 10_15_7) AppleWebKit/537.36 (KHTML, like Gecko) Chrome/90.0.4430.93 Safari/537.36"
103.41.37.241 - - [12/May/2021:10:48:36 +0300] "GET /bfe/hbb/hbbp/api/hbb/subscriber/v1/get-device-details HTTP/1.1" 200 213 "http://localhost:4300/" "Mozilla/5.0 (Macintosh; Intel Mac OS X 10_15_7) AppleWebKit/537.36 (KHTML, like Gecko) Chrome/90.0.4430.93 Safari/537.36"
103.41.37.241 - - [12/May/2021:10:48:39 +0300] "GET /bfe/hbb/hbbp/api/hbb/subscriber/v2/get-all?serviceType=HBB HTTP/1.1" 200 8026 "http://localhost:4300/" "Mozilla/5.0 (Macintosh; Intel Mac OS X 10_15_7) AppleWebKit/537.36 (KHTML, like Gecko) Chrome/90.0.4430.93 Safari/537.36"
103.41.37.241 - - [12/May/2021:10:48:38 +0300] "POST /bfe/hbb/hbbp/api/hbb/subscriber/get-balance HTTP/1.1" 200 739 "http://localhost:4300/" "Mozilla/5.0 (Macintosh; Intel Mac OS X 10_15_7) AppleWebKit/537.36 (KHTML, like Gecko) Chrome/90.0.4430.93 Safari/537.36"
103.41.37.241 - - [12/May/2021:10:48:43 +0300] "POST /bfe/hbb/hbbp/api/hbb/transaction/v1/payment-options HTTP/1.1" 200 368 "http://localhost:4300/" "Mozilla/5.0 (Macintosh; Intel Mac OS X 10_15_7) AppleWebKit/537.36 (KHTML, like Gecko) Chrome/90.0.4430.93 Safari/537.36"
103.41.37.241 - - [12/May/2021:10:48:52 +0300] "POST /bfe/hbb/hbbp/api/hbb/transaction/v1/initiate HTTP/1.1" 502 341 "http://localhost:4300/" "Mozilla/5.0 (Macintosh; Intel Mac OS X 10_15_7) AppleWebKit/537.36 (KHTML, like Gecko) Chrome/90.0.4430.93 Safari/537.36"
103.41.37.241 - - [12/May/2021:10:49:09 +0300] "POST /bfe/hbb/hbbp/api/hbb/transaction/v1/payment-options HTTP/1.1" 200 368 "http://localhost:4300/" "Mozilla/5.0 (Macintosh; Intel Mac OS X 10_15_7) AppleWebKit/537.36 (KHTML, like Gecko) Chrome/90.0.4430.93 Safari/537.36"
103.41.37.241 - - [12/May/2021:10:49:16 +0300] "POST /bfe/hbb/hbbp/api/hbb/transaction/v1/initiate HTTP/1.1" 200 117 "http://localhost:4300/" "Mozilla/5.0 (Macintosh; Intel Mac OS X 10_15_7) AppleWebKit/537.36 (KHTML, like Gecko) Chrome/90.0.4430.93 Safari/537.36"
103.41.37.241 - - [12/May/2021:10:49:18 +0300] "POST /bfe/hbb/hbbp/api/hbb/transaction/v1/process HTTP/1.1" 200 143 "http://localhost:4300/" "Mozilla/5.0 (Macintosh; Intel Mac OS X 10_15_7) AppleWebKit/537.36 (KHTML, like Gecko) Chrome/90.0.4430.93 Safari/537.36"
103.41.37.241 - - [12/May/2021:10:49:27 +0300] "POST /api/hbb/transaction/verify-card-details HTTP/1.1" 502 341 "http://localhost:4300/" "Mozilla/5.0 (Macintosh; Intel Mac OS X 10_15_7) AppleWebKit/537.36 (KHTML, like Gecko) Chrome/90.0.4430.93 Safari/537.36"
197.213.192.143 - - [12/May/2021:10:49:33 +0300] "GET /cms/webpage/activePackage?opco=ZM&pageUrl=/hbb-faq HTTP/1.1" 200 8927 "https://webuat.zm.airtel.com:8443/home-broadband/" "Mozilla/5.0 (Linux; Android 10; SM-A920F) AppleWebKit/537.36 (KHTML, like Gecko) Chrome/89.0.4389.105 Mobile Safari/537.36"
197.213.192.143 - - [12/May/2021:10:49:43 +0300] "-" 408 - "-" "-"
103.41.37.241 - - [12/May/2021:10:49:44 +0300] "POST /bfe/hbb/hbbp/api/hbb/transaction/v1/payment-options HTTP/1.1" 200 368 "http://localhost:4300/" "Mozilla/5.0 (Macintosh; Intel Mac OS X 10_15_7) AppleWebKit/537.36 (KHTML, like Gecko) Chrome/90.0.4430.93 Safari/537.36"
103.41.37.241 - - [12/May/2021:10:49:51 +0300] "POST /bfe/hbb/hbbp/api/hbb/transaction/v1/initiate HTTP/1.1" 200 117 "http://localhost:4300/" "Mozilla/5.0 (Macintosh; Intel Mac OS X 10_15_7) AppleWebKit/537.36 (KHTML, like Gecko) Chrome/90.0.4430.93 Safari/537.36"
103.41.37.241 - - [12/May/2021:10:49:53 +0300] "POST /bfe/hbb/hbbp/api/hbb/transaction/v1/process HTTP/1.1" 200 143 "http://localhost:4300/" "Mozilla/5.0 (Macintosh; Intel Mac OS X 10_15_7) AppleWebKit/537.36 (KHTML, like Gecko) Chrome/90.0.4430.93 Safari/537.36"
103.41.37.241 - - [12/May/2021:10:49:59 +0300] "POST /api/hbb/transaction/verify-card-details HTTP/1.1" 502 341 "http://localhost:4300/" "Mozilla/5.0 (Macintosh; Intel Mac OS X 10_15_7) AppleWebKit/537.36 (KHTML, like Gecko) Chrome/90.0.4430.93 Safari/537.36"
172.23.66.213 - - [12/May/2021:10:52:04 +0300] "GET /online-recharge/recharge/prepaid-recharge HTTP/1.1" 200 364 "https://confluence.airtel.africa/" "Mozilla/5.0 (Macintosh; Intel Mac OS X 10_15_7) AppleWebKit/537.36 (KHTML, like Gecko) Chrome/90.0.4430.212 Safari/537.36"
172.23.66.213 - - [12/May/2021:10:52:04 +0300] "GET /online-recharge/styles.36e2571d395bc04fea48.css HTTP/1.1" 200 1069 "https://webuat.zm.airtel.com:8443/online-recharge/recharge/prepaid-recharge" "Mozilla/5.0 (Macintosh; Intel Mac OS X 10_15_7) AppleWebKit/537.36 (KHTML, like Gecko) Chrome/90.0.4430.212 Safari/537.36"
172.23.66.213 - - [12/May/2021:10:52:04 +0300] "GET /online-recharge/assets/js/jsencrypt.js HTTP/1.1" 200 32756 "https://webuat.zm.airtel.com:8443/online-recharge/recharge/prepaid-recharge" "Mozilla/5.0 (Macintosh; Intel Mac OS X 10_15_7) AppleWebKit/537.36 (KHTML, like Gecko) Chrome/90.0.4430.212 Safari/537.36"
172.23.66.213 - - [12/May/2021:10:52:05 +0300] "GET /online-recharge/runtime.e9d55387004c45082de5.js HTTP/1.1" 200 1150 "https://webuat.zm.airtel.com:8443/online-recharge/recharge/prepaid-recharge" "Mozilla/5.0 (Macintosh; Intel Mac OS X 10_15_7) AppleWebKit/537.36 (KHTML, like Gecko) Chrome/90.0.4430.212 Safari/537.36"
172.23.66.213 - - [12/May/2021:10:52:06 +0300] "GET /online-recharge/polyfills.65c6b670baa2ffdf067a.js HTTP/1.1" 200 13870 "https://webuat.zm.airtel.com:8443/online-recharge/recharge/prepaid-recharge" "Mozilla/5.0 (Macintosh; Intel Mac OS X 10_15_7) AppleWebKit/537.36 (KHTML, like Gecko) Chrome/90.0.4430.212 Safari/537.36"
172.23.66.213 - - [12/May/2021:10:52:05 +0300] "GET /online-recharge/main.11bba62a611071adc237.js HTTP/1.1" 200 149040 "https://webuat.zm.airtel.com:8443/online-recharge/recharge/prepaid-recharge" "Mozilla/5.0 (Macintosh; Intel Mac OS X 10_15_7) AppleWebKit/537.36 (KHTML, like Gecko) Chrome/90.0.4430.212 Safari/537.36"
172.23.66.213 - - [12/May/2021:10:52:06 +0300] "GET /online-recharge/tondo-regular-webfont.439a50a16268d9d40343.woff HTTP/1.1" 200 31839 "https://webuat.zm.airtel.com:8443/online-recharge/styles.36e2571d395bc04fea48.css" "Mozilla/5.0 (Macintosh; Intel Mac OS X 10_15_7) AppleWebKit/537.36 (KHTML, like Gecko) Chrome/90.0.4430.212 Safari/537.36"
172.23.66.213 - - [12/May/2021:10:52:08 +0300] "GET /online-recharge/1.c9e9bbb4a161fd64b617.js HTTP/1.1" 200 10213 "https://webuat.zm.airtel.com:8443/online-recharge/recharge/prepaid-recharge" "Mozilla/5.0 (Macintosh; Intel Mac OS X 10_15_7) AppleWebKit/537.36 (KHTML, like Gecko) Chrome/90.0.4430.212 Safari/537.36"
172.23.66.213 - - [12/May/2021:10:52:09 +0300] "GET /online-recharge/6.fafa3cd8a0ccccef63f1.js HTTP/1.1" 200 13870 "https://webuat.zm.airtel.com:8443/online-recharge/recharge/prepaid-recharge" "Mozilla/5.0 (Macintosh; Intel Mac OS X 10_15_7) AppleWebKit/537.36 (KHTML, like Gecko) Chrome/90.0.4430.212 Safari/537.36"
172.23.66.213 - - [12/May/2021:10:52:10 +0300] "GET /online-recharge/assets/images/logo/airtel-logo.png HTTP/1.1" 200 1616 "https://webuat.zm.airtel.com:8443/online-recharge/recharge/prepaid-recharge" "Mozilla/5.0 (Macintosh; Intel Mac OS X 10_15_7) AppleWebKit/537.36 (KHTML, like Gecko) Chrome/90.0.4430.212 Safari/537.36"
172.23.66.213 - - [12/May/2021:10:52:10 +0300] "GET /api/portal-service/resource/v1/get-product-config HTTP/1.1" 200 440 "https://webuat.zm.airtel.com:8443/online-recharge/recharge/prepaid-recharge" "Mozilla/5.0 (Macintosh; Intel Mac OS X 10_15_7) AppleWebKit/537.36 (KHTML, like Gecko) Chrome/90.0.4430.212 Safari/537.36"
172.23.66.213 - - [12/May/2021:10:52:10 +0300] "GET /online-recharge/tondo-bold-webfont.27422ee5d6f37592c155.woff HTTP/1.1" 200 32323 "https://webuat.zm.airtel.com:8443/online-recharge/styles.36e2571d395bc04fea48.css" "Mozilla/5.0 (Macintosh; Intel Mac OS X 10_15_7) AppleWebKit/537.36 (KHTML, like Gecko) Chrome/90.0.4430.212 Safari/537.36"
172.23.66.213 - - [12/May/2021:10:52:10 +0300] "GET /online-recharge/assets/images/banner.png HTTP/1.1" 200 289217 "https://webuat.zm.airtel.com:8443/online-recharge/recharge/prepaid-recharge" "Mozilla/5.0 (Macintosh; Intel Mac OS X 10_15_7) AppleWebKit/537.36 (KHTML, like Gecko) Chrome/90.0.4430.212 Safari/537.36"
172.23.66.213 - - [12/May/2021:10:52:16 +0300] "-" 408 - "-" "-"
172.23.66.213 - - [12/May/2021:10:52:21 +0300] "GET /online-recharge/favicon.ico HTTP/1.1" 200 398 "https://webuat.zm.airtel.com:8443/online-recharge/recharge/prepaid-recharge" "Mozilla/5.0 (Macintosh; Intel Mac OS X 10_15_7) AppleWebKit/537.36 (KHTML, like Gecko) Chrome/90.0.4430.212 Safari/537.36"
172.23.66.213 - - [12/May/2021:10:52:32 +0300] "-" 408 - "-" "-"
::1 - - [12/May/2021:10:52:34 +0300] "OPTIONS * HTTP/1.0" 200 - "-" "Apache/2.4.34 (Red Hat) OpenSSL/1.0.2k-fips mod_auth_kerb/5.4 (internal dummy connection)"
172.23.66.213 - - [12/May/2021:10:53:50 +0300] "GET /online-recharge/recharge/prepaid-recharge HTTP/1.1" 200 366 "-" "Mozilla/5.0 (Macintosh; Intel Mac OS X 10_15_7) AppleWebKit/537.36 (KHTML, like Gecko) Chrome/90.0.4430.212 Safari/537.36"
172.23.66.213 - - [12/May/2021:10:53:50 +0300] "GET /online-recharge/styles.36e2571d395bc04fea48.css HTTP/1.1" 200 1069 "https://webuat.ke.airtel.com:8443/online-recharge/recharge/prepaid-recharge" "Mozilla/5.0 (Macintosh; Intel Mac OS X 10_15_7) AppleWebKit/537.36 (KHTML, like Gecko) Chrome/90.0.4430.212 Safari/537.36"
172.23.66.213 - - [12/May/2021:10:53:50 +0300] "GET /online-recharge/assets/js/jsencrypt.js HTTP/1.1" 200 32756 "https://webuat.ke.airtel.com:8443/online-recharge/recharge/prepaid-recharge" "Mozilla/5.0 (Macintosh; Intel Mac OS X 10_15_7) AppleWebKit/537.36 (KHTML, like Gecko) Chrome/90.0.4430.212 Safari/537.36"
172.23.66.213 - - [12/May/2021:10:53:50 +0300] "GET /online-recharge/runtime.4894634473e573c66d45.js HTTP/1.1" 200 1153 "https://webuat.ke.airtel.com:8443/online-recharge/recharge/prepaid-recharge" "Mozilla/5.0 (Macintosh; Intel Mac OS X 10_15_7) AppleWebKit/537.36 (KHTML, like Gecko) Chrome/90.0.4430.212 Safari/537.36"
172.23.66.213 - - [12/May/2021:10:53:51 +0300] "GET /online-recharge/polyfills.65c6b670baa2ffdf067a.js HTTP/1.1" 200 13870 "https://webuat.ke.airtel.com:8443/online-recharge/recharge/prepaid-recharge" "Mozilla/5.0 (Macintosh; Intel Mac OS X 10_15_7) AppleWebKit/537.36 (KHTML, like Gecko) Chrome/90.0.4430.212 Safari/537.36"
172.23.66.213 - - [12/May/2021:10:53:51 +0300] "GET /online-recharge/main.a896a81d4d77f91197fd.js HTTP/1.1" 200 149791 "https://webuat.ke.airtel.com:8443/online-recharge/recharge/prepaid-recharge" "Mozilla/5.0 (Macintosh; Intel Mac OS X 10_15_7) AppleWebKit/537.36 (KHTML, like Gecko) Chrome/90.0.4430.212 Safari/537.36"
172.23.66.213 - - [12/May/2021:10:53:56 +0300] "GET /online-recharge/1.1f3bede516612467340e.js HTTP/1.1" 200 10311 "https://webuat.ke.airtel.com:8443/online-recharge/recharge/prepaid-recharge" "Mozilla/5.0 (Macintosh; Intel Mac OS X 10_15_7) AppleWebKit/537.36 (KHTML, like Gecko) Chrome/90.0.4430.212 Safari/537.36"
172.23.66.213 - - [12/May/2021:10:53:56 +0300] "GET /online-recharge/6.a9fc4a03384c99c9caa0.js HTTP/1.1" 200 20468 "https://webuat.ke.airtel.com:8443/online-recharge/recharge/prepaid-recharge" "Mozilla/5.0 (Macintosh; Intel Mac OS X 10_15_7) AppleWebKit/537.36 (KHTML, like Gecko) Chrome/90.0.4430.212 Safari/537.36"
172.23.66.213 - - [12/May/2021:10:53:57 +0300] "GET /online-recharge/assets/images/logo/airtel-logo.png HTTP/1.1" 200 1616 "https://webuat.ke.airtel.com:8443/online-recharge/recharge/prepaid-recharge" "Mozilla/5.0 (Macintosh; Intel Mac OS X 10_15_7) AppleWebKit/537.36 (KHTML, like Gecko) Chrome/90.0.4430.212 Safari/537.36"
172.23.66.213 - - [12/May/2021:10:53:57 +0300] "GET /api/portal-service/resource/v1/get-product-config HTTP/1.1" 200 120 "https://webuat.ke.airtel.com:8443/online-recharge/recharge/prepaid-recharge" "Mozilla/5.0 (Macintosh; Intel Mac OS X 10_15_7) AppleWebKit/537.36 (KHTML, like Gecko) Chrome/90.0.4430.212 Safari/537.36"
172.23.66.213 - - [12/May/2021:10:53:57 +0300] "GET /online-recharge/tondo-bold-webfont.27422ee5d6f37592c155.woff HTTP/1.1" 200 32323 "https://webuat.ke.airtel.com:8443/online-recharge/styles.36e2571d395bc04fea48.css" "Mozilla/5.0 (Macintosh; Intel Mac OS X 10_15_7) AppleWebKit/537.36 (KHTML, like Gecko) Chrome/90.0.4430.212 Safari/537.36"
172.23.66.213 - - [12/May/2021:10:53:57 +0300] "GET /online-recharge/tondo-regular-webfont.439a50a16268d9d40343.woff HTTP/1.1" 200 31839 "https://webuat.ke.airtel.com:8443/online-recharge/styles.36e2571d395bc04fea48.css" "Mozilla/5.0 (Macintosh; Intel Mac OS X 10_15_7) AppleWebKit/537.36 (KHTML, like Gecko) Chrome/90.0.4430.212 Safari/537.36"
172.23.66.213 - - [12/May/2021:10:53:57 +0300] "GET /online-recharge/assets/images/banner.png HTTP/1.1" 200 289217 "https://webuat.ke.airtel.com:8443/online-recharge/recharge/prepaid-recharge" "Mozilla/5.0 (Macintosh; Intel Mac OS X 10_15_7) AppleWebKit/537.36 (KHTML, like Gecko) Chrome/90.0.4430.212 Safari/537.36"
172.23.66.213 - - [12/May/2021:10:54:02 +0300] "GET /online-recharge/favicon.ico HTTP/1.1" 200 398 "https://webuat.ke.airtel.com:8443/online-recharge/recharge/prepaid-recharge" "Mozilla/5.0 (Macintosh; Intel Mac OS X 10_15_7) AppleWebKit/537.36 (KHTML, like Gecko) Chrome/90.0.4430.212 Safari/537.36"
172.23.66.213 - - [12/May/2021:10:54:06 +0300] "GET / HTTP/1.1" 200 53740 "-" "Mozilla/5.0 (Macintosh; Intel Mac OS X 10_15_7) AppleWebKit/537.36 (KHTML, like Gecko) Chrome/90.0.4430.212 Safari/537.36"
172.23.66.213 - - [12/May/2021:10:54:07 +0300] "GET /assets/css/airtel.css?version=1608273056144 HTTP/1.1" 200 26367 "https://webuat.ke.airtel.com:8443/" "Mozilla/5.0 (Macintosh; Intel Mac OS X 10_15_7) AppleWebKit/537.36 (KHTML, like Gecko) Chrome/90.0.4430.212 Safari/537.36"
172.23.66.213 - - [12/May/2021:10:54:08 +0300] "GET /app/opco/common/footer/footerData.js?version=1608273056144 HTTP/1.1" 200 3081 "https://webuat.ke.airtel.com:8443/" "Mozilla/5.0 (Macintosh; Intel Mac OS X 10_15_7) AppleWebKit/537.36 (KHTML, like Gecko) Chrome/90.0.4430.212 Safari/537.36"
172.23.66.213 - - [12/May/2021:10:54:08 +0300] "GET /assets/css/bootstrap.min.css HTTP/1.1" 200 114326 "https://webuat.ke.airtel.com:8443/" "Mozilla/5.0 (Macintosh; Intel Mac OS X 10_15_7) AppleWebKit/537.36 (KHTML, like Gecko) Chrome/90.0.4430.212 Safari/537.36"
172.23.66.213 - - [12/May/2021:10:54:09 +0300] "GET /app/libs/vendor/bootstrap/dist/js/bootstrap.min.js HTTP/1.1" 200 36920 "https://webuat.ke.airtel.com:8443/" "Mozilla/5.0 (Macintosh; Intel Mac OS X 10_15_7) AppleWebKit/537.36 (KHTML, like Gecko) Chrome/90.0.4430.212 Safari/537.36"
172.23.66.213 - - [12/May/2021:10:54:09 +0300] "GET /app/libs/edited/jsencrypt.min.js HTTP/1.1" 200 53101 "https://webuat.ke.airtel.com:8443/" "Mozilla/5.0 (Macintosh; Intel Mac OS X 10_15_7) AppleWebKit/537.36 (KHTML, like Gecko) Chrome/90.0.4430.212 Safari/537.36"
172.23.66.213 - - [12/May/2021:10:54:09 +0300] "GET /app/libs/vendor/jquery/dist/jquery.min.js HTTP/1.1" 200 88533 "https://webuat.ke.airtel.com:8443/" "Mozilla/5.0 (Macintosh; Intel Mac OS X 10_15_7) AppleWebKit/537.36 (KHTML, like Gecko) Chrome/90.0.4430.212 Safari/537.36"
172.23.66.213 - - [12/May/2021:10:54:15 +0300] "GET /assets/images/airtel-logo.png HTTP/1.1" 200 1691 "https://webuat.ke.airtel.com:8443/" "Mozilla/5.0 (Macintosh; Intel Mac OS X 10_15_7) AppleWebKit/537.36 (KHTML, like Gecko) Chrome/90.0.4430.212 Safari/537.36"
172.23.66.213 - - [12/May/2021:10:54:15 +0300] "GET /assets/images/akn/Menu.svg HTTP/1.1" 200 629 "https://webuat.ke.airtel.com:8443/" "Mozilla/5.0 (Macintosh; Intel Mac OS X 10_15_7) AppleWebKit/537.36 (KHTML, like Gecko) Chrome/90.0.4430.212 Safari/537.36"
172.23.66.213 - - [12/May/2021:10:54:16 +0300] "GET /assets/images/ke/Webamzingbanner.jpg HTTP/1.1" 200 5186 "https://webuat.ke.airtel.com:8443/" "Mozilla/5.0 (Macintosh; Intel Mac OS X 10_15_7) AppleWebKit/537.36 (KHTML, like Gecko) Chrome/90.0.4430.212 Safari/537.36"
172.23.66.213 - - [12/May/2021:10:54:17 +0300] "GET / HTTP/1.1" 200 56679 "-" "Mozilla/5.0 (Macintosh; Intel Mac OS X 10_15_7) AppleWebKit/537.36 (KHTML, like Gecko) Chrome/90.0.4430.212 Safari/537.36"
172.23.66.213 - - [12/May/2021:10:54:19 +0300] "GET /assets/images/ke/Airtel-TV-web-banner.png HTTP/1.1" 200 5186 "https://webuat.ke.airtel.com:8443/" "Mozilla/5.0 (Macintosh; Intel Mac OS X 10_15_7) AppleWebKit/537.36 (KHTML, like Gecko) Chrome/90.0.4430.212 Safari/537.36"
172.23.66.213 - - [12/May/2021:10:54:21 +0300] "GET /assets/css/airtel.css?version=1620386487233 HTTP/1.1" 200 26367 "https://webuat.airtel.com.ng:8443/" "Mozilla/5.0 (Macintosh; Intel Mac OS X 10_15_7) AppleWebKit/537.36 (KHTML, like Gecko) Chrome/90.0.4430.212 Safari/537.36"
172.23.66.213 - - [12/May/2021:10:54:16 +0300] "GET /assets/images/ke/Tubonge-Plus-Web-Banner.png HTTP/1.1" 200 541512 "https://webuat.ke.airtel.com:8443/" "Mozilla/5.0 (Macintosh; Intel Mac OS X 10_15_7) AppleWebKit/537.36 (KHTML, like Gecko) Chrome/90.0.4430.212 Safari/537.36"
172.23.66.213 - - [12/May/2021:10:54:21 +0300] "GET /assets/images/akn/Zero-Transaction-Fees-Banner.png HTTP/1.1" 200 172409 "https://webuat.ke.airtel.com:8443/" "Mozilla/5.0 (Macintosh; Intel Mac OS X 10_15_7) AppleWebKit/537.36 (KHTML, like Gecko) Chrome/90.0.4430.212 Safari/537.36"
::1 - - [12/May/2021:10:54:29 +0300] "OPTIONS * HTTP/1.0" 200 - "-" "Apache/2.4.34 (Red Hat) OpenSSL/1.0.2k-fips mod_auth_kerb/5.4 (internal dummy connection)"
172.23.66.213 - - [12/May/2021:10:54:21 +0300] "GET /assets/images/ke/myairtelappimage.png HTTP/1.1" 200 262356 "https://webuat.ke.airtel.com:8443/" "Mozilla/5.0 (Macintosh; Intel Mac OS X 10_15_7) AppleWebKit/537.36 (KHTML, like Gecko) Chrome/90.0.4430.212 Safari/537.36"
172.23.66.213 - - [12/May/2021:10:54:37 +0300] "GET /cwpconf/apiUrls.js HTTP/1.1" 200 58 "https://webuat.airtel.com.ng:8443/" "Mozilla/5.0 (Macintosh; Intel Mac OS X 10_15_7) AppleWebKit/537.36 (KHTML, like Gecko) Chrome/90.0.4430.212 Safari/537.36"
172.23.66.213 - - [12/May/2021:10:54:38 +0300] "GET /app/libs/edited/jsencrypt.min.js HTTP/1.1" 200 53101 "https://webuat.airtel.com.ng:8443/" "Mozilla/5.0 (Macintosh; Intel Mac OS X 10_15_7) AppleWebKit/537.36 (KHTML, like Gecko) Chrome/90.0.4430.212 Safari/537.36"
172.23.66.213 - - [12/May/2021:10:54:16 +0300] "GET /assets/images/ke/25-Extra-Airtime-Banner.png HTTP/1.1" 200 706531 "https://webuat.ke.airtel.com:8443/" "Mozilla/5.0 (Macintosh; Intel Mac OS X 10_15_7) AppleWebKit/537.36 (KHTML, like Gecko) Chrome/90.0.4430.212 Safari/537.36"
172.23.66.213 - - [12/May/2021:10:54:42 +0300] "GET /app/libs/vendor/bootstrap/dist/js/bootstrap.min.js HTTP/1.1" 200 39534 "https://webuat.airtel.com.ng:8443/" "Mozilla/5.0 (Macintosh; Intel Mac OS X 10_15_7) AppleWebKit/537.36 (KHTML, like Gecko) Chrome/90.0.4430.212 Safari/537.36"
172.23.66.213 - - [12/May/2021:10:54:35 +0300] "GET /assets/images/akn/Top-Up-Conveniently-New-Banner.png HTTP/1.1" 200 113428 "https://webuat.ke.airtel.com:8443/" "Mozilla/5.0 (Macintosh; Intel Mac OS X 10_15_7) AppleWebKit/537.36 (KHTML, like Gecko) Chrome/90.0.4430.212 Safari/537.36"
172.23.66.213 - - [12/May/2021:10:54:36 +0300] "GET /assets/css/bootstrap.min.css HTTP/1.1" 200 114508 "https://webuat.airtel.com.ng:8443/" "Mozilla/5.0 (Macintosh; Intel Mac OS X 10_15_7) AppleWebKit/537.36 (KHTML, like Gecko) Chrome/90.0.4430.212 Safari/537.36"
172.23.66.213 - - [12/May/2021:10:54:50 +0300] "GET /app/libs/edited/homepage/recharge.js HTTP/1.1" 200 3469 "https://webuat.airtel.com.ng:8443/" "Mozilla/5.0 (Macintosh; Intel Mac OS X 10_15_7) AppleWebKit/537.36 (KHTML, like Gecko) Chrome/90.0.4430.212 Safari/537.36"
172.23.66.213 - - [12/May/2021:10:54:40 +0300] "GET /app/libs/vendor/jquery/dist/jquery.min.js HTTP/1.1" 200 88533 "https://webuat.airtel.com.ng:8443/" "Mozilla/5.0 (Macintosh; Intel Mac OS X 10_15_7) AppleWebKit/537.36 (KHTML, like Gecko) Chrome/90.0.4430.212 Safari/537.36"
172.23.66.213 - - [12/May/2021:10:54:35 +0300] "GET /assets/images/nywe-i.png HTTP/1.1" 200 288839 "https://webuat.ke.airtel.com:8443/" "Mozilla/5.0 (Macintosh; Intel Mac OS X 10_15_7) AppleWebKit/537.36 (KHTML, like Gecko) Chrome/90.0.4430.212 Safari/537.36"
::1 - - [12/May/2021:10:54:56 +0300] "OPTIONS * HTTP/1.0" 200 - "-" "Apache/2.4.34 (Red Hat) OpenSSL/1.0.2k-fips mod_auth_kerb/5.4 (internal dummy connection)"
172.23.66.213 - - [12/May/2021:10:54:57 +0300] "GET /assets/images/ng/home/nin-website.png HTTP/1.1" 200 45349 "https://webuat.airtel.com.ng:8443/" "Mozilla/5.0 (Macintosh; Intel Mac OS X 10_15_7) AppleWebKit/537.36 (KHTML, like Gecko) Chrome/90.0.4430.212 Safari/537.36"
::1 - - [12/May/2021:10:54:57 +0300] "OPTIONS * HTTP/1.0" 200 - "-" "Apache/2.4.34 (Red Hat) OpenSSL/1.0.2k-fips mod_auth_kerb/5.4 (internal dummy connection)"
172.23.66.213 - - [12/May/2021:10:54:59 +0300] "GET /gtm.js?id=GTM-KVBW3R HTTP/1.1" 200 66710 "https://webuat.ke.airtel.com:8443/" "Mozilla/5.0 (Macintosh; Intel Mac OS X 10_15_7) AppleWebKit/537.36 (KHTML, like Gecko) Chrome/90.0.4430.212 Safari/537.36"
172.23.66.213 - - [12/May/2021:10:54:59 +0300] "GET /assets/images/ke/googleapplogo.png HTTP/1.1" 200 5675 "https://webuat.ke.airtel.com:8443/" "Mozilla/5.0 (Macintosh; Intel Mac OS X 10_15_7) AppleWebKit/537.36 (KHTML, like Gecko) Chrome/90.0.4430.212 Safari/537.36"
172.23.66.213 - - [12/May/2021:10:55:00 +0300] "GET /assets/images/airtel-logo.png HTTP/1.1" 200 1691 "https://webuat.airtel.com.ng:8443/" "Mozilla/5.0 (Macintosh; Intel Mac OS X 10_15_7) AppleWebKit/537.36 (KHTML, like Gecko) Chrome/90.0.4430.212 Safari/537.36"
172.23.66.213 - - [12/May/2021:10:55:00 +0300] "GET /assets/images/ke/iosappsrorelogo.png HTTP/1.1" 200 2872 "https://webuat.ke.airtel.com:8443/" "Mozilla/5.0 (Macintosh; Intel Mac OS X 10_15_7) AppleWebKit/537.36 (KHTML, like Gecko) Chrome/90.0.4430.212 Safari/537.36"
172.23.66.213 - - [12/May/2021:10:55:00 +0300] "GET /assets/images/High-value-experience240px180px.svg HTTP/1.1" 200 7668 "https://webuat.ke.airtel.com:8443/" "Mozilla/5.0 (Macintosh; Intel Mac OS X 10_15_7) AppleWebKit/537.36 (KHTML, like Gecko) Chrome/90.0.4430.212 Safari/537.36"
172.23.66.213 - - [12/May/2021:10:55:00 +0300] "GET /assets/images/guaranteed-best-prepaid-offers.png HTTP/1.1" 200 16644 "https://webuat.ke.airtel.com:8443/" "Mozilla/5.0 (Macintosh; Intel Mac OS X 10_15_7) AppleWebKit/537.36 (KHTML, like Gecko) Chrome/90.0.4430.212 Safari/537.36"
172.23.66.213 - - [12/May/2021:10:54:59 +0300] "GET /gtag.js?id=UA-19917289-1 HTTP/1.1" 200 92996 "https://webuat.ke.airtel.com:8443/" "Mozilla/5.0 (Macintosh; Intel Mac OS X 10_15_7) AppleWebKit/537.36 (KHTML, like Gecko) Chrome/90.0.4430.212 Safari/537.36"
172.23.66.213 - - [12/May/2021:10:55:01 +0300] "GET /assets/images/ug/airtel-icon-ug.png HTTP/1.1" 200 1508 "https://webuat.ke.airtel.com:8443/" "Mozilla/5.0 (Macintosh; Intel Mac OS X 10_15_7) AppleWebKit/537.36 (KHTML, like Gecko) Chrome/90.0.4430.212 Safari/537.36"
172.23.66.213 - - [12/May/2021:10:55:01 +0300] "GET /app/libs/edited/homepage/lazyloading.js?version=1608273056144 HTTP/1.1" 200 1401 "https://webuat.ke.airtel.com:8443/" "Mozilla/5.0 (Macintosh; Intel Mac OS X 10_15_7) AppleWebKit/537.36 (KHTML, like Gecko) Chrome/90.0.4430.212 Safari/537.36"
172.23.66.213 - - [12/May/2021:10:55:01 +0300] "GET /assets/images/ng/home/D4EP.jpeg HTTP/1.1" 200 27310 "https://webuat.airtel.com.ng:8443/" "Mozilla/5.0 (Macintosh; Intel Mac OS X 10_15_7) AppleWebKit/537.36 (KHTML, like Gecko) Chrome/90.0.4430.212 Safari/537.36"
172.23.66.213 - - [12/May/2021:10:55:01 +0300] "GET /app/libs/edited/homepage/airtel-jqlite.js?version=1608273056144 HTTP/1.1" 200 9746 "https://webuat.ke.airtel.com:8443/" "Mozilla/5.0 (Macintosh; Intel Mac OS X 10_15_7) AppleWebKit/537.36 (KHTML, like Gecko) Chrome/90.0.4430.212 Safari/537.36"
172.23.66.213 - - [12/May/2021:10:55:02 +0300] "GET /assets/images/ng/NIN.jpg HTTP/1.1" 200 45486 "https://webuat.airtel.com.ng:8443/" "Mozilla/5.0 (Macintosh; Intel Mac OS X 10_15_7) AppleWebKit/537.36 (KHTML, like Gecko) Chrome/90.0.4430.212 Safari/537.36"
172.23.66.213 - - [12/May/2021:10:55:03 +0300] "GET /assets/images/ng/home/More4More.jpeg HTTP/1.1" 200 22772 "https://webuat.airtel.com.ng:8443/" "Mozilla/5.0 (Macintosh; Intel Mac OS X 10_15_7) AppleWebKit/537.36 (KHTML, like Gecko) Chrome/90.0.4430.212 Safari/537.36"
172.23.66.213 - - [12/May/2021:10:55:01 +0300] "GET /assets/images/ng/home/AVAYA-home.jpg HTTP/1.1" 200 104415 "https://webuat.airtel.com.ng:8443/" "Mozilla/5.0 (Macintosh; Intel Mac OS X 10_15_7) AppleWebKit/537.36 (KHTML, like Gecko) Chrome/90.0.4430.212 Safari/537.36"
172.23.66.213 - - [12/May/2021:10:55:06 +0300] "GET /assets/images/ng/home/unlimitedULTRA.png HTTP/1.1" 200 85496 "https://webuat.airtel.com.ng:8443/" "Mozilla/5.0 (Macintosh; Intel Mac OS X 10_15_7) AppleWebKit/537.36 (KHTML, like Gecko) Chrome/90.0.4430.212 Safari/537.36"
::1 - - [12/May/2021:10:55:07 +0300] "OPTIONS * HTTP/1.0" 200 - "-" "Apache/2.4.34 (Red Hat) OpenSSL/1.0.2k-fips mod_auth_kerb/5.4 (internal dummy connection)"
172.23.66.213 - - [12/May/2021:10:55:08 +0300] "GET /assets/images/ng/home/websitebanner.png HTTP/1.1" 200 138565 "https://webuat.airtel.com.ng:8443/" "Mozilla/5.0 (Macintosh; Intel Mac OS X 10_15_7) AppleWebKit/537.36 (KHTML, like Gecko) Chrome/90.0.4430.212 Safari/537.36"
::1 - - [12/May/2021:10:55:08 +0300] "OPTIONS * HTTP/1.0" 200 - "-" "Apache/2.4.34 (Red Hat) OpenSSL/1.0.2k-fips mod_auth_kerb/5.4 (internal dummy connection)"
172.23.66.213 - - [12/May/2021:10:55:10 +0300] "GET /assets/images/ng/covid-19.png HTTP/1.1" 200 43647 "https://webuat.airtel.com.ng:8443/" "Mozilla/5.0 (Macintosh; Intel Mac OS X 10_15_7) AppleWebKit/537.36 (KHTML, like Gecko) Chrome/90.0.4430.212 Safari/537.36"
172.23.66.213 - - [12/May/2021:10:55:12 +0300] "GET /assets/images/ng/home/AIRTEL-TV.png HTTP/1.1" 200 203738 "https://webuat.airtel.com.ng:8443/" "Mozilla/5.0 (Macintosh; Intel Mac OS X 10_15_7) AppleWebKit/537.36 (KHTML, like Gecko) Chrome/90.0.4430.212 Safari/537.36"
172.23.66.213 - - [12/May/2021:10:55:12 +0300] "GET /assets/css/fonts.css HTTP/1.1" 200 7509 "https://webuat.ke.airtel.com:8443/" "Mozilla/5.0 (Macintosh; Intel Mac OS X 10_15_7) AppleWebKit/537.36 (KHTML, like Gecko) Chrome/90.0.4430.212 Safari/537.36"
172.23.66.213 - - [12/May/2021:10:55:12 +0300] "GET /assets/images/homepage-widget/prepaid.svg?v=1613632483347 HTTP/1.1" 200 3370 "https://webuat.airtel.com.ng:8443/" "Mozilla/5.0 (Macintosh; Intel Mac OS X 10_15_7) AppleWebKit/537.36 (KHTML, like Gecko) Chrome/90.0.4430.212 Safari/537.36"
172.23.66.213 - - [12/May/2021:10:55:12 +0300] "GET /assets/css/opco/homepage.css HTTP/1.1" 200 36749 "https://webuat.ke.airtel.com:8443/" "Mozilla/5.0 (Macintosh; Intel Mac OS X 10_15_7) AppleWebKit/537.36 (KHTML, like Gecko) Chrome/90.0.4430.212 Safari/537.36"
172.23.66.213 - - [12/May/2021:10:55:13 +0300] "GET /assets/images/homepage-widget/postpaid.svg?v=1613632483347 HTTP/1.1" 200 3370 "https://webuat.airtel.com.ng:8443/" "Mozilla/5.0 (Macintosh; Intel Mac OS X 10_15_7) AppleWebKit/537.36 (KHTML, like Gecko) Chrome/90.0.4430.212 Safari/537.36"
172.23.66.213 - - [12/May/2021:10:55:13 +0300] "GET /favicon.ico HTTP/1.1" 200 456 "https://webuat.ke.airtel.com:8443/" "Mozilla/5.0 (Macintosh; Intel Mac OS X 10_15_7) AppleWebKit/537.36 (KHTML, like Gecko) Chrome/90.0.4430.212 Safari/537.36"
172.23.66.213 - - [12/May/2021:10:55:13 +0300] "GET /assets/images/homepage-widget/broadband.svg?v=1613632483347 HTTP/1.1" 200 3103 "https://webuat.airtel.com.ng:8443/" "Mozilla/5.0 (Macintosh; Intel Mac OS X 10_15_7) AppleWebKit/537.36 (KHTML, like Gecko) Chrome/90.0.4430.212 Safari/537.36"
172.23.66.213 - - [12/May/2021:10:55:14 +0300] "GET /app/opco/home/hometwitterInformation.js HTTP/1.1" 200 1723 "https://webuat.ke.airtel.com:8443/" "Mozilla/5.0 (Macintosh; Intel Mac OS X 10_15_7) AppleWebKit/537.36 (KHTML, like Gecko) Chrome/90.0.4430.212 Safari/537.36"
172.23.66.213 - - [12/May/2021:10:55:14 +0300] "GET /app/opco/common/header/headerData.js?version=@@version HTTP/1.1" 200 5013 "https://webuat.ke.airtel.com:8443/" "Mozilla/5.0 (Macintosh; Intel Mac OS X 10_15_7) AppleWebKit/537.36 (KHTML, like Gecko) Chrome/90.0.4430.212 Safari/537.36"
172.23.66.213 - - [12/May/2021:10:55:15 +0300] "GET /app/libs/edited/homepage/home.js?version=@@version HTTP/1.1" 200 52289 "https://webuat.ke.airtel.com:8443/" "Mozilla/5.0 (Macintosh; Intel Mac OS X 10_15_7) AppleWebKit/537.36 (KHTML, like Gecko) Chrome/90.0.4430.212 Safari/537.36"
172.23.66.213 - - [12/May/2021:10:55:15 +0300] "GET /assets/images/ng/submit-NIN.svg HTTP/1.1" 200 4253 "https://webuat.airtel.com.ng:8443/" "Mozilla/5.0 (Macintosh; Intel Mac OS X 10_15_7) AppleWebKit/537.36 (KHTML, like Gecko) Chrome/90.0.4430.212 Safari/537.36"
172.23.66.213 - - [12/May/2021:10:55:15 +0300] "GET /assets/images/ng/icons/apple-icon.png HTTP/1.1" 200 21118 "https://webuat.airtel.com.ng:8443/" "Mozilla/5.0 (Macintosh; Intel Mac OS X 10_15_7) AppleWebKit/537.36 (KHTML, like Gecko) Chrome/90.0.4430.212 Safari/537.36"
172.23.66.213 - - [12/May/2021:10:55:15 +0300] "GET /app/opco/common/header/app.header.controller.js?version=@@version HTTP/1.1" 200 7346 "https://webuat.ke.airtel.com:8443/" "Mozilla/5.0 (Macintosh; Intel Mac OS X 10_15_7) AppleWebKit/537.36 (KHTML, like Gecko) Chrome/90.0.4430.212 Safari/537.36"
172.23.66.213 - - [12/May/2021:10:55:12 +0300] "GET /assets/fonts/data-woff.css HTTP/1.1" 200 127433 "https://webuat.ke.airtel.com:8443/" "Mozilla/5.0 (Macintosh; Intel Mac OS X 10_15_7) AppleWebKit/537.36 (KHTML, like Gecko) Chrome/90.0.4430.212 Safari/537.36"
172.23.66.213 - - [12/May/2021:10:55:16 +0300] "GET /assets/fonts/ng/airtel-icons-ng.woff HTTP/1.1" 200 8728 "https://webuat.ke.airtel.com:8443/assets/css/fonts.css" "Mozilla/5.0 (Macintosh; Intel Mac OS X 10_15_7) AppleWebKit/537.36 (KHTML, like Gecko) Chrome/90.0.4430.212 Safari/537.36"
172.23.66.213 - - [12/May/2021:10:55:16 +0300] "GET /assets/images/ng/icons/andriod.png HTTP/1.1" 200 29445 "https://webuat.airtel.com.ng:8443/" "Mozilla/5.0 (Macintosh; Intel Mac OS X 10_15_7) AppleWebKit/537.36 (KHTML, like Gecko) Chrome/90.0.4430.212 Safari/537.36"
172.23.66.213 - - [12/May/2021:10:55:16 +0300] "GET /assets/fonts/gethelp/Glyphter.woff HTTP/1.1" 200 2048 "https://webuat.ke.airtel.com:8443/assets/css/fonts.css" "Mozilla/5.0 (Macintosh; Intel Mac OS X 10_15_7) AppleWebKit/537.36 (KHTML, like Gecko) Chrome/90.0.4430.212 Safari/537.36"
172.23.66.213 - - [12/May/2021:10:55:16 +0300] "GET /assets/fonts/home-icons/airtel-icons.woff?version=1518527402623 HTTP/1.1" 200 36672 "https://webuat.ke.airtel.com:8443/assets/css/fonts.css" "Mozilla/5.0 (Macintosh; Intel Mac OS X 10_15_7) AppleWebKit/537.36 (KHTML, like Gecko) Chrome/90.0.4430.212 Safari/537.36"
172.23.66.213 - - [12/May/2021:10:55:17 +0300] "GET /assets/images/bsi-assurance-iso-22301.png HTTP/1.1" 200 1934 "https://webuat.airtel.com.ng:8443/" "Mozilla/5.0 (Macintosh; Intel Mac OS X 10_15_7) AppleWebKit/537.36 (KHTML, like Gecko) Chrome/90.0.4430.212 Safari/537.36"
172.23.66.213 - - [12/May/2021:10:55:17 +0300] "GET /assets/fonts/tondo/tondo-light-webfont.woff2 HTTP/1.1" 200 24744 "https://webuat.ke.airtel.com:8443/assets/css/fonts.css" "Mozilla/5.0 (Macintosh; Intel Mac OS X 10_15_7) AppleWebKit/537.36 (KHTML, like Gecko) Chrome/90.0.4430.212 Safari/537.36"
172.23.66.213 - - [12/May/2021:10:55:19 +0300] "GET /assets/images/ke/2gb.png HTTP/1.1" 200 60187 "https://webuat.ke.airtel.com:8443/" "Mozilla/5.0 (Macintosh; Intel Mac OS X 10_15_7) AppleWebKit/537.36 (KHTML, like Gecko) Chrome/90.0.4430.212 Safari/537.36"
172.23.66.213 - - [12/May/2021:10:55:20 +0300] "GET /assets/images/norton-certificate.png HTTP/1.1" 200 5911 "https://webuat.airtel.com.ng:8443/" "Mozilla/5.0 (Macintosh; Intel Mac OS X 10_15_7) AppleWebKit/537.36 (KHTML, like Gecko) Chrome/90.0.4430.212 Safari/537.36"
172.23.66.213 - - [12/May/2021:10:55:24 +0300] "GET /app/libs/edited/homepage/airtel-jqlite.js?version=1620386487233 HTTP/1.1" 200 9746 "https://webuat.airtel.com.ng:8443/" "Mozilla/5.0 (Macintosh; Intel Mac OS X 10_15_7) AppleWebKit/537.36 (KHTML, like Gecko) Chrome/90.0.4430.212 Safari/537.36"
::1 - - [12/May/2021:10:55:25 +0300] "OPTIONS * HTTP/1.0" 200 - "-" "Apache/2.4.34 (Red Hat) OpenSSL/1.0.2k-fips mod_auth_kerb/5.4 (internal dummy connection)"
172.23.66.213 - - [12/May/2021:10:55:26 +0300] "GET /app/libs/edited/homepage/lazyloading.js?version=1620386487233 HTTP/1.1" 200 1411 "https://webuat.airtel.com.ng:8443/" "Mozilla/5.0 (Macintosh; Intel Mac OS X 10_15_7) AppleWebKit/537.36 (KHTML, like Gecko) Chrome/90.0.4430.212 Safari/537.36"
172.23.66.213 - - [12/May/2021:10:55:28 +0300] "GET /gtag.js?id=UA-123622416-1 HTTP/1.1" 200 76916 "https://webuat.airtel.com.ng:8443/" "Mozilla/5.0 (Macintosh; Intel Mac OS X 10_15_7) AppleWebKit/537.36 (KHTML, like Gecko) Chrome/90.0.4430.212 Safari/537.36"
172.23.66.213 - - [12/May/2021:10:55:19 +0300] "GET /assets/images/akn/Roaming.png HTTP/1.1" 200 78223 "https://webuat.ke.airtel.com:8443/" "Mozilla/5.0 (Macintosh; Intel Mac OS X 10_15_7) AppleWebKit/537.36 (KHTML, like Gecko) Chrome/90.0.4430.212 Safari/537.36"
172.23.66.213 - - [12/May/2021:10:55:15 +0300] "GET /assets/images/ng/icons/My-Airtel-App-5.png HTTP/1.1" 200 585795 "https://webuat.airtel.com.ng:8443/" "Mozilla/5.0 (Macintosh; Intel Mac OS X 10_15_7) AppleWebKit/537.36 (KHTML, like Gecko) Chrome/90.0.4430.212 Safari/537.36"
172.23.66.213 - - [12/May/2021:10:55:30 +0300] "GET /gtm.js?id=GTM-NPFSM3H HTTP/1.1" 200 58150 "https://webuat.airtel.com.ng:8443/" "Mozilla/5.0 (Macintosh; Intel Mac OS X 10_15_7) AppleWebKit/537.36 (KHTML, like Gecko) Chrome/90.0.4430.212 Safari/537.36"
172.23.66.213 - - [12/May/2021:10:55:34 +0300] "GET /cms/webpage/tweets?opco=KE HTTP/1.1" 200 1350 "https://webuat.ke.airtel.com:8443/" "Mozilla/5.0 (Macintosh; Intel Mac OS X 10_15_7) AppleWebKit/537.36 (KHTML, like Gecko) Chrome/90.0.4430.212 Safari/537.36"
172.23.66.213 - - [12/May/2021:10:55:35 +0300] "GET /assets/images/outlined-vectorpaint_2.svg HTTP/1.1" 200 2771 "https://webuat.ke.airtel.com:8443/" "Mozilla/5.0 (Macintosh; Intel Mac OS X 10_15_7) AppleWebKit/537.36 (KHTML, like Gecko) Chrome/90.0.4430.212 Safari/537.36"
197.213.192.143 - - [12/May/2021:10:55:38 +0300] "GET /home-broadband/api-hbb/api/hbb/v1/msisdn/validate?msisdn=970000518&isAirtel=false HTTP/1.1" 200 104 "https://webuat.zm.airtel.com:8443/home-broadband/" "Mozilla/5.0 (Linux; Android 10; SM-A920F) AppleWebKit/537.36 (KHTML, like Gecko) Chrome/89.0.4389.105 Mobile Safari/537.36"
172.23.66.213 - - [12/May/2021:10:55:38 +0300] "GET /app/ng/home/hometwitterInformation.js HTTP/1.1" 200 2190 "https://webuat.airtel.com.ng:8443/" "Mozilla/5.0 (Macintosh; Intel Mac OS X 10_15_7) AppleWebKit/537.36 (KHTML, like Gecko) Chrome/90.0.4430.212 Safari/537.36"
172.23.66.213 - - [12/May/2021:10:55:38 +0300] "GET /app/ng/common/header/headerData.js?version=@@version HTTP/1.1" 200 11504 "https://webuat.airtel.com.ng:8443/" "Mozilla/5.0 (Macintosh; Intel Mac OS X 10_15_7) AppleWebKit/537.36 (KHTML, like Gecko) Chrome/90.0.4430.212 Safari/537.36"
172.23.66.213 - - [12/May/2021:10:55:39 +0300] "GET /app/ng/common/header/app.header.controller.js?version=@@version HTTP/1.1" 200 7346 "https://webuat.airtel.com.ng:8443/" "Mozilla/5.0 (Macintosh; Intel Mac OS X 10_15_7) AppleWebKit/537.36 (KHTML, like Gecko) Chrome/90.0.4430.212 Safari/537.36"
197.213.192.143 - - [12/May/2021:10:55:39 +0300] "GET /home-broadband/MaterialIcons-Regular.a37b0c01c0baf1888ca8.ttf HTTP/1.1" 200 128180 "https://webuat.zm.airtel.com:8443/home-broadband/styles.7c79266c8ce9cfde4482.css" "Mozilla/5.0 (Linux; Android 10; SM-A920F) AppleWebKit/537.36 (KHTML, like Gecko) Chrome/89.0.4389.105 Mobile Safari/537.36"
172.23.66.213 - - [12/May/2021:10:55:40 +0300] "GET /assets/css/fonts.css HTTP/1.1" 200 11755 "https://webuat.airtel.com.ng:8443/" "Mozilla/5.0 (Macintosh; Intel Mac OS X 10_15_7) AppleWebKit/537.36 (KHTML, like Gecko) Chrome/90.0.4430.212 Safari/537.36"
172.23.66.213 - - [12/May/2021:10:55:41 +0300] "GET /assets/css/uganda/homepage.css HTTP/1.1" 200 31183 "https://webuat.airtel.com.ng:8443/" "Mozilla/5.0 (Macintosh; Intel Mac OS X 10_15_7) AppleWebKit/537.36 (KHTML, like Gecko) Chrome/90.0.4430.212 Safari/537.36"
172.23.66.213 - - [12/May/2021:10:55:41 +0300] "GET /favicon.ico HTTP/1.1" 200 456 "https://webuat.airtel.com.ng:8443/" "Mozilla/5.0 (Macintosh; Intel Mac OS X 10_15_7) AppleWebKit/537.36 (KHTML, like Gecko) Chrome/90.0.4430.212 Safari/537.36"
172.23.66.213 - - [12/May/2021:10:55:39 +0300] "GET /assets/fonts/data-woff.css HTTP/1.1" 200 127433 "https://webuat.airtel.com.ng:8443/" "Mozilla/5.0 (Macintosh; Intel Mac OS X 10_15_7) AppleWebKit/537.36 (KHTML, like Gecko) Chrome/90.0.4430.212 Safari/537.36"
172.23.66.213 - - [12/May/2021:10:55:42 +0300] "GET /app/libs/edited/homepage/home.js?version=@@version HTTP/1.1" 200 1294 "https://webuat.airtel.com.ng:8443/" "Mozilla/5.0 (Macintosh; Intel Mac OS X 10_15_7) AppleWebKit/537.36 (KHTML, like Gecko) Chrome/90.0.4430.212 Safari/537.36"
172.23.66.213 - - [12/May/2021:10:55:43 +0300] "GET /assets/fonts/ng/airtel-icons-ng.woff HTTP/1.1" 200 12100 "https://webuat.airtel.com.ng:8443/assets/css/fonts.css" "Mozilla/5.0 (Macintosh; Intel Mac OS X 10_15_7) AppleWebKit/537.36 (KHTML, like Gecko) Chrome/90.0.4430.212 Safari/537.36"
197.213.192.143 - - [12/May/2021:10:55:43 +0300] "GET /home-broadband/api-hbb/api/hbb/v1/msisdn/validate?msisdn=972900013&isAirtel=true HTTP/1.1" 200 208 "https://webuat.zm.airtel.com:8443/home-broadband/" "Mozilla/5.0 (Linux; Android 10; SM-A920F) AppleWebKit/537.36 (KHTML, like Gecko) Chrome/89.0.4389.105 Mobile Safari/537.36"
172.23.66.213 - - [12/May/2021:10:55:44 +0300] "GET /assets/fonts/home-icons/airtel-icons.woff?version=1518527402623 HTTP/1.1" 200 36672 "https://webuat.airtel.com.ng:8443/assets/css/fonts.css" "Mozilla/5.0 (Macintosh; Intel Mac OS X 10_15_7) AppleWebKit/537.36 (KHTML, like Gecko) Chrome/90.0.4430.212 Safari/537.36"
172.23.66.213 - - [12/May/2021:10:55:44 +0300] "GET /cms/webpage/tweets?opco=NG HTTP/1.1" 200 3418 "https://webuat.airtel.com.ng:8443/" "Mozilla/5.0 (Macintosh; Intel Mac OS X 10_15_7) AppleWebKit/537.36 (KHTML, like Gecko) Chrome/90.0.4430.212 Safari/537.36"
172.23.66.213 - - [12/May/2021:10:55:48 +0300] "-" 408 - "-" "-"
197.213.192.143 - - [12/May/2021:10:55:48 +0300] "-" 408 - "-" "-"
::1 - - [12/May/2021:10:55:50 +0300] "OPTIONS * HTTP/1.0" 200 - "-" "Apache/2.4.34 (Red Hat) OpenSSL/1.0.2k-fips mod_auth_kerb/5.4 (internal dummy connection)"
::1 - - [12/May/2021:10:55:51 +0300] "OPTIONS * HTTP/1.0" 200 - "-" "Apache/2.4.34 (Red Hat) OpenSSL/1.0.2k-fips mod_auth_kerb/5.4 (internal dummy connection)"
::1 - - [12/May/2021:10:55:52 +0300] "OPTIONS * HTTP/1.0" 200 - "-" "Apache/2.4.34 (Red Hat) OpenSSL/1.0.2k-fips mod_auth_kerb/5.4 (internal dummy connection)"
::1 - - [12/May/2021:10:55:53 +0300] "OPTIONS * HTTP/1.0" 200 - "-" "Apache/2.4.34 (Red Hat) OpenSSL/1.0.2k-fips mod_auth_kerb/5.4 (internal dummy connection)"
197.213.192.143 - - [12/May/2021:10:55:59 +0300] "POST /home-broadband/api-hbb/api/hbb/v1/user/register HTTP/1.1" 200 124 "https://webuat.zm.airtel.com:8443/home-broadband/" "Mozilla/5.0 (Linux; Android 10; SM-A920F) AppleWebKit/537.36 (KHTML, like Gecko) Chrome/89.0.4389.105 Mobile Safari/537.36"
197.213.192.143 - - [12/May/2021:10:56:00 +0300] "GET /cms/webpage/activePackage?opco=ZM&pageUrl=/hbb-faq HTTP/1.1" 200 8927 "https://webuat.zm.airtel.com:8443/home-broadband/" "Mozilla/5.0 (Linux; Android 10; SM-A920F) AppleWebKit/537.36 (KHTML, like Gecko) Chrome/89.0.4389.105 Mobile Safari/537.36"
197.213.192.143 - - [12/May/2021:10:56:09 +0300] "-" 408 - "-" "-"
197.213.192.143 - - [12/May/2021:10:56:11 +0300] "POST /home-broadband/api-hbb/api/hbb/v1/user/verify-otp HTTP/1.1" 200 188 "https://webuat.zm.airtel.com:8443/home-broadband/" "Mozilla/5.0 (Linux; Android 10; SM-A920F) AppleWebKit/537.36 (KHTML, like Gecko) Chrome/89.0.4389.105 Mobile Safari/537.36"
197.213.192.143 - - [12/May/2021:10:56:13 +0300] "GET /cms/webpage/activePackage?opco=ZM&pageUrl=/hbb-faq HTTP/1.1" 200 8927 "https://webuat.zm.airtel.com:8443/home-broadband/" "Mozilla/5.0 (Linux; Android 10; SM-A920F) AppleWebKit/537.36 (KHTML, like Gecko) Chrome/89.0.4389.105 Mobile Safari/537.36"
197.213.192.143 - - [12/May/2021:10:56:21 +0300] "-" 408 - "-" "-"
197.213.192.143 - - [12/May/2021:10:56:30 +0300] "POST /home-broadband/api-hbb/api/hbb/v1/user/register/complete HTTP/1.1" 400 104 "https://webuat.zm.airtel.com:8443/home-broadband/" "Mozilla/5.0 (Linux; Android 10; SM-A920F) AppleWebKit/537.36 (KHTML, like Gecko) Chrome/89.0.4389.105 Mobile Safari/537.36"
172.23.66.213 - - [12/May/2021:10:56:35 +0300] "GET /assets/css/bootstrap.min.css HTTP/1.1" 304 - "https://webuat.ke.airtel.com:8443/" "Mozilla/5.0 (Macintosh; Intel Mac OS X 10_15_7) AppleWebKit/537.36 (KHTML, like Gecko) Chrome/90.0.4430.212 Safari/537.36"
172.23.66.213 - - [12/May/2021:10:56:35 +0300] "GET /assets/css/fonts.css HTTP/1.1" 304 - "https://webuat.ke.airtel.com:8443/" "Mozilla/5.0 (Macintosh; Intel Mac OS X 10_15_7) AppleWebKit/537.36 (KHTML, like Gecko) Chrome/90.0.4430.212 Safari/537.36"
172.23.66.213 - - [12/May/2021:10:56:35 +0300] "GET /assets/css/opco/homepage.css HTTP/1.1" 304 - "https://webuat.ke.airtel.com:8443/" "Mozilla/5.0 (Macintosh; Intel Mac OS X 10_15_7) AppleWebKit/537.36 (KHTML, like Gecko) Chrome/90.0.4430.212 Safari/537.36"
172.23.66.213 - - [12/May/2021:10:56:35 +0300] "GET /assets/css/airtel.css?version=1608273056144 HTTP/1.1" 304 - "https://webuat.ke.airtel.com:8443/" "Mozilla/5.0 (Macintosh; Intel Mac OS X 10_15_7) AppleWebKit/537.36 (KHTML, like Gecko) Chrome/90.0.4430.212 Safari/537.36"
197.213.192.143 - - [12/May/2021:10:56:40 +0300] "-" 408 - "-" "-"
172.23.66.213 - - [12/May/2021:10:56:46 +0300] "-" 408 - "-" "-"
::1 - - [12/May/2021:10:56:49 +0300] "OPTIONS * HTTP/1.0" 200 - "-" "Apache/2.4.34 (Red Hat) OpenSSL/1.0.2k-fips mod_auth_kerb/5.4 (internal dummy connection)"
172.23.66.213 - - [12/May/2021:10:56:53 +0300] "GET /orp/postpaid HTTP/1.1" 200 5186 "https://webuat.ke.airtel.com:8443/" "Mozilla/5.0 (Macintosh; Intel Mac OS X 10_15_7) AppleWebKit/537.36 (KHTML, like Gecko) Chrome/90.0.4430.212 Safari/537.36"
172.23.66.213 - - [12/May/2021:10:56:53 +0300] "GET /assets/css/fonts.css HTTP/1.1" 304 - "https://webuat.ke.airtel.com:8443/orp/postpaid" "Mozilla/5.0 (Macintosh; Intel Mac OS X 10_15_7) AppleWebKit/537.36 (KHTML, like Gecko) Chrome/90.0.4430.212 Safari/537.36"
172.23.66.213 - - [12/May/2021:10:56:53 +0300] "GET /assets/css/loader.css?version=1605590565716 HTTP/1.1" 200 1745 "https://webuat.ke.airtel.com:8443/orp/postpaid" "Mozilla/5.0 (Macintosh; Intel Mac OS X 10_15_7) AppleWebKit/537.36 (KHTML, like Gecko) Chrome/90.0.4430.212 Safari/537.36"
